c> c> REGISTER OK
c> c> CONNECT FAIL, USER DOES NOT EXIST
c> 
+++ FINISHED +++