c> c> REGISTER OK
c> c> CONNECT OK
c> c> CONNECT FAIL, USER ALREADY CONNECTED
c>
+++ FINISHED +++
