c> c> REGISTER OK
c> c> CONNECT OK
c> 
+++ FINISHED +++