c> c> REGISTER OK
c> c> CONNECT OK
c> c> DELETE FAIL, CONTENT NOT PUBLISHED
c>
+++ FINISHED +++
