c> c> REGISTER OK
c> c> DELETE FAIL, USER NOT CONNECTED
c>
+++ FINISHED +++
