c> c> REGISTER OK
c> c> CONNECT OK
c> c> PUBLISH OK
c> c> DELETE OK
c>
+++ FINISHED +++

