c> c> REGISTER OK
c> c> DISCONNECT FAIL , USER NOT CONNECTED
c>
+++ FINISHED +++