c> c> REGISTER OK
c> c> CONNECT OK
c> c> DISCONNECT OK
c>
+++ FINISHED +++