c> c> REGISTER OK
c> c> CONNECT OK
c> c> DISCONNECT FAIL , USER DOES NOT EXIST
c>
+++ FINISHED +++