c> c> REGISTER OK
c> c> CONNECT OK
c> c> PUBLISH OK
c> c> LIST_CONTENT FAIL, REMOTE USER DOES NOT EXIST
c>
+++ FINISHED +++