c> c> REGISTER OK
c> c> LIST_USERS FAIL, USER NOT CONNECTED
c>
+++ FINISHED +++