c> c> REGISTER OK
c> c> LIST_CONTENT FAIL, USER NOT CONNECTED
c>
+++ FINISHED +++

