c> c> REGISTER OK
c> c> CONNECT OK
c> c> PUBLISH OK
c> c> PUBLISH FAIL, CONTENT ALREADY PUBLISHED
c>
+++ FINISHED +++
