c> c> REGISTER OK
c> c> PUBLISH FAIL, USER NOT CONNECTED
c>
+++ FINISHED +++