c> c> REGISTER OK
c> c> UNREGISTER OK
c>
+++ FINISHED +++
