c> c> REGISTER OK
c> c> USER DOES NOT EXIST
c>
+++ FINISHED +++
